{
    "text": "Good Afternoon, PHANTOM!!",
    "serverTime": "10-08-2023T14:00+0200"
}