{
    "latitude": 57.40918,
    "longitude": 11.966309,
    "generationtime_ms": 0.2789497375488281,
    "utc_offset_seconds": 0,
    "timezone": "GMT",
    "timezone_abbreviation": "GMT",
    "elevation": 5,
    "hourly_units": {
        "time": "iso8601",
        "temperature_2m": "Â°C"
    },
    "hourly": {
        "time": [
            "2023-09-04T00:00",
            "2023-09-04T01:00",
            "2023-09-04T02:00",
            "2023-09-04T03:00",
            "2023-09-04T04:00",
            "2023-09-04T05:00",
            "2023-09-04T06:00",
            "2023-09-04T07:00",
            "2023-09-04T08:00",
            "2023-09-04T09:00",
            "2023-09-04T10:00",
            "2023-09-04T11:00",
            "2023-09-04T12:00",
            "2023-09-04T13:00",
            "2023-09-04T14:00",
            "2023-09-04T15:00",
            "2023-09-04T16:00",
            "2023-09-04T17:00",
            "2023-09-04T18:00",
            "2023-09-04T19:00",
            "2023-09-04T20:00",
            "2023-09-04T21:00",
            "2023-09-04T22:00",
            "2023-09-04T23:00",
            "2023-09-05T00:00",
            "2023-09-05T01:00",
            "2023-09-05T02:00",
            "2023-09-05T03:00",
            "2023-09-05T04:00",
            "2023-09-05T05:00",
            "2023-09-05T06:00",
            "2023-09-05T07:00",
            "2023-09-05T08:00",
            "2023-09-05T09:00",
            "2023-09-05T10:00",
            "2023-09-05T11:00",
            "2023-09-05T12:00",
            "2023-09-05T13:00",
            "2023-09-05T14:00",
            "2023-09-05T15:00",
            "2023-09-05T16:00",
            "2023-09-05T17:00",
            "2023-09-05T18:00",
            "2023-09-05T19:00",
            "2023-09-05T20:00",
            "2023-09-05T21:00",
            "2023-09-05T22:00",
            "2023-09-05T23:00",
            "2023-09-06T00:00",
            "2023-09-06T01:00",
            "2023-09-06T02:00",
            "2023-09-06T03:00",
            "2023-09-06T04:00",
            "2023-09-06T05:00",
            "2023-09-06T06:00",
            "2023-09-06T07:00",
            "2023-09-06T08:00",
            "2023-09-06T09:00",
            "2023-09-06T10:00",
            "2023-09-06T11:00",
            "2023-09-06T12:00",
            "2023-09-06T13:00",
            "2023-09-06T14:00",
            "2023-09-06T15:00",
            "2023-09-06T16:00",
            "2023-09-06T17:00",
            "2023-09-06T18:00",
            "2023-09-06T19:00",
            "2023-09-06T20:00",
            "2023-09-06T21:00",
            "2023-09-06T22:00",
            "2023-09-06T23:00",
            "2023-09-07T00:00",
            "2023-09-07T01:00",
            "2023-09-07T02:00",
            "2023-09-07T03:00",
            "2023-09-07T04:00",
            "2023-09-07T05:00",
            "2023-09-07T06:00",
            "2023-09-07T07:00",
            "2023-09-07T08:00",
            "2023-09-07T09:00",
            "2023-09-07T10:00",
            "2023-09-07T11:00",
            "2023-09-07T12:00",
            "2023-09-07T13:00",
            "2023-09-07T14:00",
            "2023-09-07T15:00",
            "2023-09-07T16:00",
            "2023-09-07T17:00",
            "2023-09-07T18:00",
            "2023-09-07T19:00",
            "2023-09-07T20:00",
            "2023-09-07T21:00",
            "2023-09-07T22:00",
            "2023-09-07T23:00",
            "2023-09-08T00:00",
            "2023-09-08T01:00",
            "2023-09-08T02:00",
            "2023-09-08T03:00",
            "2023-09-08T04:00",
            "2023-09-08T05:00",
            "2023-09-08T06:00",
            "2023-09-08T07:00",
            "2023-09-08T08:00",
            "2023-09-08T09:00",
            "2023-09-08T10:00",
            "2023-09-08T11:00",
            "2023-09-08T12:00",
            "2023-09-08T13:00",
            "2023-09-08T14:00",
            "2023-09-08T15:00",
            "2023-09-08T16:00",
            "2023-09-08T17:00",
            "2023-09-08T18:00",
            "2023-09-08T19:00",
            "2023-09-08T20:00",
            "2023-09-08T21:00",
            "2023-09-08T22:00",
            "2023-09-08T23:00",
            "2023-09-09T00:00",
            "2023-09-09T01:00",
            "2023-09-09T02:00",
            "2023-09-09T03:00",
            "2023-09-09T04:00",
            "2023-09-09T05:00",
            "2023-09-09T06:00",
            "2023-09-09T07:00",
            "2023-09-09T08:00",
            "2023-09-09T09:00",
            "2023-09-09T10:00",
            "2023-09-09T11:00",
            "2023-09-09T12:00",
            "2023-09-09T13:00",
            "2023-09-09T14:00",
            "2023-09-09T15:00",
            "2023-09-09T16:00",
            "2023-09-09T17:00",
            "2023-09-09T18:00",
            "2023-09-09T19:00",
            "2023-09-09T20:00",
            "2023-09-09T21:00",
            "2023-09-09T22:00",
            "2023-09-09T23:00",
            "2023-09-10T00:00",
            "2023-09-10T01:00",
            "2023-09-10T02:00",
            "2023-09-10T03:00",
            "2023-09-10T04:00",
            "2023-09-10T05:00",
            "2023-09-10T06:00",
            "2023-09-10T07:00",
            "2023-09-10T08:00",
            "2023-09-10T09:00",
            "2023-09-10T10:00",
            "2023-09-10T11:00",
            "2023-09-10T12:00",
            "2023-09-10T13:00",
            "2023-09-10T14:00",
            "2023-09-10T15:00",
            "2023-09-10T16:00",
            "2023-09-10T17:00",
            "2023-09-10T18:00",
            "2023-09-10T19:00",
            "2023-09-10T20:00",
            "2023-09-10T21:00",
            "2023-09-10T22:00",
            "2023-09-10T23:00"
        ],
        "temperature_2m": [
            "17.0",
            "17.0",
            "16.8",
            "16.6",
            "16.6",
            "16.6",
            "17.0",
            "17.6",
            "18.3",
            "19.8",
            "20.1",
            "20.8",
            "21.2",
            "21.2",
            "21.0",
            "20.9",
            "20.4",
            "19.8",
            "18.2",
            "16.4",
            "15.1",
            "17.3",
            "17.4",
            "16.9",
            "16.5",
            "16.3",
            "16.1",
            "15.8",
            "16.0",
            "16.3",
            "17.0",
            "17.7",
            "18.5",
            "19.1",
            "19.5",
            "19.7",
            "20.0",
            "20.3",
            "20.5",
            "20.4",
            "19.9",
            "19.1",
            "17.5",
            "15.6",
            "14.5",
            "13.9",
            "13.6",
            "13.4",
            "13.6",
            "13.5",
            "13.8",
            "13.9",
            "14.0",
            "14.6",
            "14.7",
            "15.1",
            "16.2",
            "18.6",
            "20.4",
            "20.4",
            "21.1",
            "21.9",
            "22.1",
            "21.9",
            "20.7",
            "19.7",
            "18.2",
            "17.5",
            "17.7",
            "17.9",
            "17.9",
            "17.1",
            "16.4",
            "16.0",
            "15.8",
            "15.7",
            "15.6",
            "15.4",
            "15.5",
            "15.9",
            "16.5",
            "17.1",
            "17.7",
            "18.4",
            "18.9",
            "19.5",
            "19.9",
            "20.1",
            "19.8",
            "19.2",
            "18.7",
            "18.5",
            "18.4",
            "18.2",
            "17.8",
            "17.3",
            "16.8",
            "16.4",
            "16.1",
            "15.9",
            "15.8",
            "15.8",
            "16.1",
            "17.0",
            "18.1",
            "19.0",
            "19.6",
            "20.0",
            "20.3",
            "20.4",
            "20.4",
            "20.3",
            "20.1",
            "19.7",
            "19.4",
            "19.1",
            "18.9",
            "18.6",
            "18.4",
            "18.2",
            "18.0",
            "17.9",
            "17.7",
            "17.7",
            "17.7",
            "17.8",
            "17.9",
            "17.4",
            "18.1",
            "18.7",
            "19.3",
            "19.8",
            "20.2",
            "20.4",
            "20.3",
            "20.0",
            "19.3",
            "18.2",
            "17.4",
            "17.1",
            "16.9",
            "16.8",
            "16.7",
            "16.6",
            "16.6",
            "16.6",
            "16.6",
            "16.6",
            "16.6",
            "16.6",
            "16.7",
            "17.0",
            "17.5",
            "17.9",
            "18.2",
            "18.6",
            "18.9",
            "19.1",
            "19.2",
            "19.1",
            "18.5",
            "17.7",
            "17.2",
            "17.1",
            "17.1",
            "17.1",
            "16.8",
            "16.5"
        ]
    }
}